11
3 3 4 3 5 4 4 5 5 6 6 6 7 7 8 6 9 7 9 8 9 9 
10
4 3 5 4 4 5 5 6 6 6 7 7 8 6 9 7 9 8 9 9 
9
5 3 6 2 7 3 8 4 8 5 9 6 9 7 9 8 9 9 
8
6 2 7 3 8 4 8 5 9 6 9 7 9 8 9 9 
7
7 3 8 4 8 5 9 6 9 7 9 8 9 9 
5
8 5 9 6 9 7 9 8 9 9 
4
9 6 9 7 9 8 9 9 
3
9 7 9 8 9 9 
2
9 8 9 9 
15
0 0 1 1 2 2 3 3 4 3 5 4 5 3 6 2 7 3 8 4 8 5 9 6 9 7 9 8 9 9 
